../src/drawline.h:15:10:findAllVectorPts	72	static
../src/drawline.h:41:10:findIntersection	64	static
../src/drawline.h:84:8:worldToViewer	48	static
../src/drawline.h:95:9:viewerTo2D	40	static
../src/drawline.h:103:9:worldToViewerTo2D	56	static
../src/drawline.h:115:5:fact	16	static
../src/drawline.h:119:7:cosine	48	static
../src/drawline.h:134:7:sine	48	static
../src/drawline.h:146:8:rotate_tree_yz	48	static
../src/drawline.h:154:8:vector_rotate_xy	48	static
../src/drawline.h:163:6:spiwrite	24	static
../src/drawline.h:172:6:writecommand	16	static
../src/drawline.h:178:6:writedata	16	static
../src/drawline.h:184:6:writeword	24	static
../src/drawline.h:193:6:write888	24	static
../src/drawline.h:207:6:setAddrWindow	24	static
../src/drawline.h:221:6:drawPixel	16	static
../src/drawline.h:230:6:drawLine	40	static
../src/drawline.h:294:6:lcddelay	24	static
../src/drawline.h:301:6:lcd_init	16	static
../src/drawline.h:336:6:fillrect	32	static
../src/Cube.h:15:6:draw3Dplane	40	static
../src/Cube.h:23:6:connectFourVertices	136	static
../src/Cube.h:59:6:drawCube	48	static
../src/Cube.h:66:6:drawFloatingCube	40	static
../src/Cube.h:87:10:Cube2Dviewer	88	static
../src/Cube.h:105:10:worldview2D	72	static
../src/sphere.h:14:6:horizontal_sphere_single_level	120	static
../src/sphere.h:40:9:find_vertical_sphere_in_half_pts	128	static
../src/sphere.h:71:6:draw_vertical_sphere_in_half_pts	104	static
../src/sphere.h:87:6:drawTopHalfSphere	40	static
../src/main.c:24:5:main	88	static
