../src/drawline.h:15:10:findAllVectorPts	72	static
../src/drawline.h:41:10:findIntersection	64	static
../src/drawline.h:87:8:worldToViewer	48	static
../src/drawline.h:98:9:viewerTo2D	40	static
../src/drawline.h:106:9:worldToViewerTo2D	56	static
../src/drawline.h:124:5:fact	16	static
../src/drawline.h:128:7:cosine	48	static
../src/drawline.h:143:7:sine	48	static
../src/drawline.h:155:8:rotate_tree_yz	48	static
../src/drawline.h:163:8:vector_rotate_xy	48	static
../src/drawline.h:172:6:spiwrite	24	static
../src/drawline.h:181:6:writecommand	16	static
../src/drawline.h:187:6:writedata	16	static
../src/drawline.h:193:6:writeword	24	static
../src/drawline.h:202:6:write888	24	static
../src/drawline.h:216:6:setAddrWindow	24	static
../src/drawline.h:230:6:drawPixel	16	static
../src/drawline.h:239:6:drawLine	40	static
../src/drawline.h:303:6:lcddelay	24	static
../src/drawline.h:310:6:lcd_init	16	static
../src/drawline.h:345:6:fillrect	32	static
../src/Cube.h:14:6:draw3Dplane	40	static
../src/Cube.h:22:10:worldview2D	72	static
../src/Cube.h:36:6:connectFourVertices	136	static
../src/Cube.h:72:6:drawCube	48	static
../src/Cube.h:79:6:drawFloatingCube	40	static
../src/Cube.h:100:10:Cube2Dviewer	88	static
../src/sphere.h:16:9:halfSpherePts	128	static
../src/sphere.h:53:6:halfVerticalSpherePt	104	static
../src/sphere.h:68:6:sphereBase	120	static
../src/sphere.h:92:6:horizontalBase_wrt_Z	120	static
../src/sphere.h:115:5:radiusFromXY	40	static
../src/sphere.h:125:6:drawTopHalfSphere	64	static
../src/main.c:24:5:main	104	static
