../src/drawline.h:12:10:locateAllVertices	72	static
../src/drawline.h:42:10:findIntersection	64	static
../src/drawline.h:88:8:worldToViewer	48	static
../src/drawline.h:99:9:viewerTo2D	40	static
../src/drawline.h:107:9:worldToViewerTo2D	56	static
../src/drawline.h:125:5:fact	16	static
../src/drawline.h:129:7:cosine	48	static
../src/drawline.h:144:7:sine	48	static
../src/drawline.h:156:8:rotate_tree_yz	48	static
../src/drawline.h:164:8:vector_rotate_xy	48	static
../src/drawline.h:173:6:spiwrite	24	static
../src/drawline.h:182:6:writecommand	16	static
../src/drawline.h:188:6:writedata	16	static
../src/drawline.h:194:6:writeword	24	static
../src/drawline.h:203:6:write888	24	static
../src/drawline.h:217:6:setAddrWindow	24	static
../src/drawline.h:231:6:drawPixel	16	static
../src/drawline.h:240:6:drawLine	40	static
../src/drawline.h:304:6:lcddelay	24	static
../src/drawline.h:311:6:lcd_init	16	static
../src/drawline.h:346:6:fillrect	32	static
../src/Cube.h:11:6:draw3Dplane	40	static
../src/Cube.h:18:10:worldview2D	72	static
../src/Cube.h:33:6:connectFourVertices	136	static
../src/Cube.h:67:6:drawCube	48	static
../src/Cube.h:74:6:drawFloatingCube	40	static
../src/Cube.h:95:10:Cube2Dviewer	88	static
../src/sphere.h:10:6:sphereBase	120	static
../src/sphere.h:37:9:halfSpherePts	128	static
../src/sphere.h:74:6:halfVerticalSpherePt	104	static
../src/sphere.h:91:6:horizontalBase_wrt_Z	120	static
../src/sphere.h:117:5:radiusFromXY	40	static
../src/sphere.h:127:6:drawTopHalfSphere	64	static
../src/main.c:24:5:main	104	static
